Scanning Failure at line 1: 
ERROR: Failure on input>.
ERROR: ERROR: Failure on input>.
