Scanning Failure at line 1: 
ERROR: Failure on input>^

//:eof://:eof 
Parsed successfully!
