DEF:def 
LPAREN:( 
ID:x 
RPAREN:) 
ID:e 
MINUS:- 
ID:x 
PLUS:+ 
NUM:1 
//:eof://:eof 
Handling definition

Compilation failed!
ERROR: Expected function name in prototype
