DEF:def 
ID:why 
LPAREN:( 
ID:f 
RPAREN:) 
ID:f 
PLUS:+ 
NUM:1 
RPAREN:) 
SEMI:; 
//:eof://:eof 
Handling definition
RPAREN:) 
Handling top level expression

Compilation failed!
ERROR: Unknown token when expecting an expression
