DEF:def 
ID:add 
LPAREN:( 
ID:x 
ID:y 
RPAREN:) 
ID:x 
PLUS:+ 
ID:y 
ID:h 
MINUS:- 
ID:j 
BECOMES:= 
NUM:2 
EXTERN:extern 
ID:sin 
LPAREN:( 
ID:arg 
RPAREN:) 
//:eof://:eof 
Handling definition
ID:h 
Handling top level expression
Handling top level expression

Compilation failed!
ERROR: Unknown token when expecting an expression
