ID:x 
BECOMES:= 
NUM:12 
ID:x 
BECOMES:= 
NUM:1.0 
ID:x 
BECOMES:= 
NUM:0.1 
ID:x 
BECOMES:= 
NUM:99 
ID:x 
BECOMES:= 
NUM:1234567890.987654321 
//:eof://:eof 
Handling top level expression
Handling top level expression

Compilation failed!
ERROR: Unknown token when expecting an expression
