Scanning Failure at line 1: 
ERROR: Failure on input>3f
You cannot have variable names starting with a number!

//:eof://:eof 
Parsed successfully!
